Archive member included to satisfy reference by file (symbol)

cxx/libcxx.a(cxx_exception_stubs.cpp.obj)
                              (__cxx_fatal_exception)
cxx/libcxx.a(cxx_guards.cpp.obj)
                              (__cxa_guard_dummy)
esp32/libesp32.a(cpu_start.c.obj)
                              (call_start_cpu0)
esp32/libesp32.a(crosscore_int.c.obj)
                              esp32/libesp32.a(cpu_start.c.obj) (esp_crosscore_int_init)
esp32/libesp32.a(dbg_stubs.c.obj)
                              esp32/libesp32.a(cpu_start.c.obj) (esp_dbg_stubs_init)
esp32/libesp32.a(dport_access.c.obj)
                              esp32/libesp32.a(cpu_start.c.obj) (esp_dport_access_stall_other_cpu_start)
esp32/libesp32.a(dport_panic_highint_hdl.S.obj)
                              (ld_include_panic_highint_hdl)
esp32/libesp32.a(esp_timer.c.obj)
                              esp32/libesp32.a(cpu_start.c.obj) (esp_timer_init)
esp32/libesp32.a(esp_timer_esp32.c.obj)
                              esp32/libesp32.a(esp_timer.c.obj) (esp_timer_impl_get_time)
esp32/libesp32.a(int_wdt.c.obj)
                              esp32/libesp32.a(dport_panic_highint_hdl.S.obj) (int_wdt_app_cpu_ticked)
esp32/libesp32.a(intr_alloc.c.obj)
                              esp32/libesp32.a(esp_timer_esp32.c.obj) (esp_intr_enable)
esp32/libesp32.a(ipc.c.obj)   esp32/libesp32.a(cpu_start.c.obj) (esp_ipc_init)
esp32/libesp32.a(panic.c.obj)
                              cxx/libcxx.a(cxx_exception_stubs.cpp.obj) (abort)
esp32/libesp32.a(system_api.c.obj)
                              esp32/libesp32.a(panic.c.obj) (esp_restart_noos)
esp32/libesp32.a(task_wdt.c.obj)
                              esp32/libesp32.a(cpu_start.c.obj) (esp_task_wdt_init)
esp32/libesp32.a(brownout.c.obj)
                              esp32/libesp32.a(cpu_start.c.obj) (esp_brownout_init)
esp32/libesp32.a(cache_err_int.c.obj)
                              esp32/libesp32.a(cpu_start.c.obj) (esp_cache_err_int_init)
esp32/libesp32.a(clk.c.obj)   esp32/libesp32.a(cpu_start.c.obj) (esp_clk_init)
esp32/libesp32.a(esp_err_to_name.c.obj)
                              esp32/libesp32.a(panic.c.obj) (esp_err_to_name)
esp32/libesp32.a(freertos_hooks.c.obj)
                              esp32/libesp32.a(task_wdt.c.obj) (esp_register_freertos_idle_hook_for_cpu)
log/liblog.a(log.c.obj)       esp32/libesp32.a(cpu_start.c.obj) (esp_log_write)
pthread/libpthread.a(pthread.c.obj)
                              esp32/libesp32.a(cpu_start.c.obj) (esp_pthread_init)
pthread/libpthread.a(pthread_local_storage.c.obj)
                              pthread/libpthread.a(pthread.c.obj) (pthread_key_create)
freertos/libfreertos.a(FreeRTOS-openocd.c.obj)
                              (uxTopUsedPriority)
freertos/libfreertos.a(port.c.obj)
                              esp32/libesp32.a(cpu_start.c.obj) (port_xSchedulerRunning)
freertos/libfreertos.a(portasm.S.obj)
                              esp32/libesp32.a(crosscore_int.c.obj) (_frxt_setup_switch)
freertos/libfreertos.a(queue.c.obj)
                              esp32/libesp32.a(ipc.c.obj) (xQueueGenericCreate)
freertos/libfreertos.a(tasks.c.obj)
                              freertos/libfreertos.a(portasm.S.obj) (pxCurrentTCB)
freertos/libfreertos.a(timers.c.obj)
                              freertos/libfreertos.a(tasks.c.obj) (xTimerCreateTimerTask)
freertos/libfreertos.a(xtensa_context.S.obj)
                              esp32/libesp32.a(dport_panic_highint_hdl.S.obj) (_xt_context_save)
freertos/libfreertos.a(xtensa_init.c.obj)
                              freertos/libfreertos.a(portasm.S.obj) (_xt_tick_divisor)
freertos/libfreertos.a(xtensa_intr.c.obj)
                              esp32/libesp32.a(intr_alloc.c.obj) (xt_unhandled_interrupt)
freertos/libfreertos.a(xtensa_intr_asm.S.obj)
                              esp32/libesp32.a(intr_alloc.c.obj) (_xt_interrupt_table)
freertos/libfreertos.a(xtensa_vectors.S.obj)
                              freertos/libfreertos.a(port.c.obj) (_xt_user_exit)
freertos/libfreertos.a(list.c.obj)
                              freertos/libfreertos.a(queue.c.obj) (vListInitialise)
freertos/libfreertos.a(xtensa_vector_defaults.S.obj)
                              freertos/libfreertos.a(xtensa_vectors.S.obj) (xt_debugexception)
heap/libheap.a(heap_caps.c.obj)
                              esp32/libesp32.a(intr_alloc.c.obj) (heap_caps_malloc)
heap/libheap.a(heap_caps_init.c.obj)
                              heap/libheap.a(heap_caps.c.obj) (registered_heaps)
heap/libheap.a(multi_heap.c.obj)
                              heap/libheap.a(heap_caps.c.obj) (multi_heap_get_allocated_size)
newlib/libnewlib.a(locks.c.obj)
                              heap/libheap.a(heap_caps_init.c.obj) (_lock_acquire)
newlib/libnewlib.a(reent_init.c.obj)
                              esp32/libesp32.a(cpu_start.c.obj) (esp_reent_init)
[...]
Memory Configuration

Name             Origin             Length             Attributes
iram0_0_seg      0x40080000         0x00020000         xr
iram0_2_seg      0x400d0018         0x0032ffe8         xr
dram0_0_seg      0x3ffb0000         0x0002c200         rw
drom0_0_seg      0x3f400018         0x003fffe8         r
rtc_iram_seg     0x400c0000         0x00002000         xrw
rtc_slow_seg     0x50000000         0x00001000         rw
*default*        0x00000000         0xffffffff

Linker script and memory map

LOAD CMakeFiles/pcnt.elf.dir/dummy_main_src.c.obj
START GROUP
LOAD main/libmain.a
LOAD app_trace/libapp_trace.a
LOAD xtensa-debug-module/libxtensa-debug-module.a
LOAD app_update/libapp_update.a
LOAD spi_flash/libspi_flash.a
LOAD bootloader_support/libbootloader_support.a
LOAD mbedtls/libmbedtls.a
LOAD lwip/liblwip.a
LOAD vfs/libvfs.a
LOAD ethernet/libethernet.a
LOAD tcpip_adapter/libtcpip_adapter.a
LOAD micro-ecc/libmicro-ecc.a
LOAD jsmn/libjsmn.a
LOAD nvs_flash/libnvs_flash.a
LOAD coap/libcoap.a
LOAD console/libconsole.a
LOAD cxx/libcxx.a
LOAD driver/libdriver.a
LOAD esp-tls/libesp-tls.a
LOAD nghttp/libnghttp.a
LOAD esp32/libesp32.a
LOAD log/liblog.a
LOAD pthread/libpthread.a
LOAD smartconfig_ack/libsmartconfig_ack.a
LOAD wpa_supplicant/libwpa_supplicant.a
LOAD esp_adc_cal/libesp_adc_cal.a
LOAD esp_http_client/libesp_http_client.a
LOAD esp_https_ota/libesp_https_ota.a
LOAD expat/libexpat.a
LOAD fatfs/libfatfs.a
LOAD wear_levelling/libwear_levelling.a
LOAD sdmmc/libsdmmc.a
LOAD freertos/libfreertos.a
LOAD heap/libheap.a
LOAD json/libjson.a
LOAD libsodium/liblibsodium.a
LOAD mdns/libmdns.a
LOAD newlib/libnewlib.a
LOAD openssl/libopenssl.a
LOAD soc/libsoc.a
LOAD spiffs/libspiffs.a
LOAD ulp/libulp.a
LOAD c:/progra~1/espres~1/esp-id~1/toolch~1/bin/../lib/gcc/xtensa-esp32-elf/5.2.0\libgcov.a
LOAD c:/progra~1/espres~1/esp-id~1/toolch~1/bin/../lib/gcc/xtensa-esp32-elf/5.2.0/../../../../xtensa-esp32-elf/lib\libstdc++.a
LOAD C:/Users/ricardo/esp/esp-idf/components/esp32/lib\libcoexist.a
LOAD C:/Users/ricardo/esp/esp-idf/components/esp32/lib\libcore.a
LOAD C:/Users/ricardo/esp/esp-idf/components/esp32/lib\libespnow.a
LOAD C:/Users/ricardo/esp/esp-idf/components/esp32/lib\libmesh.a
LOAD C:/Users/ricardo/esp/esp-idf/components/esp32/lib\libnet80211.a
LOAD C:/Users/ricardo/esp/esp-idf/components/esp32/lib\libphy.a
LOAD C:/Users/ricardo/esp/esp-idf/components/esp32/lib\libpp.a
LOAD C:/Users/ricardo/esp/esp-idf/components/esp32/lib\librtc.a
LOAD C:/Users/ricardo/esp/esp-idf/components/esp32/lib\libsmartconfig.a
LOAD C:/Users/ricardo/esp/esp-idf/components/esp32/lib\libwpa2.a
LOAD C:/Users/ricardo/esp/esp-idf/components/esp32/lib\libwpa.a
LOAD C:/Users/ricardo/esp/esp-idf/components/esp32/lib\libwps.a
LOAD C:/Users/ricardo/esp/esp-idf/components/esp32/libhal.a
LOAD c:/progra~1/espres~1/esp-id~1/toolch~1/bin/../lib/gcc/xtensa-esp32-elf/5.2.0\libgcc.a
LOAD C:/Users/ricardo/esp/esp-idf/components/newlib/lib\libc.a
LOAD C:/Users/ricardo/esp/esp-idf/components/newlib/lib\libm.a
                0x40000000                _heap_end = 0x40000000

.rtc.text       0x400c0000        0x0
                0x400c0000                . = ALIGN (0x4)
 *(.rtc.literal .rtc.text)
 *rtc_wake_stub*.*(.literal .text .literal.* .text.*)

.rtc.data       0x50000000        0x0
                0x50000000                _rtc_data_start = ABSOLUTE (.)
 *(.rtc.data)
 *(.rtc.rodata)
 *rtc_wake_stub*.*(.data .rodata .data.* .rodata.* .bss .bss.*)
                0x50000000                _rtc_data_end = ABSOLUTE (.)

.rtc.bss        0x50000000        0x0
                0x50000000                _rtc_bss_start = ABSOLUTE (.)
 *rtc_wake_stub*.*(.bss .bss.*)
 *rtc_wake_stub*.*(COMMON)
                0x50000000                _rtc_bss_end = ABSOLUTE (.)

.rtc_noinit     0x50000000        0x0
                0x50000000                . = ALIGN (0x4)
                0x50000000                _rtc_noinit_start = ABSOLUTE (.)
 *(.rtc_noinit .rtc_noinit.*)
                0x50000000                . = ALIGN (0x4)
                0x50000000                _rtc_noinit_end = ABSOLUTE (.)

.iram0.vectors  0x40080000      0x400
                0x40080000                _init_start = ABSOLUTE (.)
                0x00000000                . = 0x0
 *(.WindowVectors.text)
 .WindowVectors.text
                0x40080000      0x16a freertos/libfreertos.a(xtensa_vectors.S.obj)
                0x40080000                _WindowOverflow4
                0x40080040                _WindowUnderflow4
                0x40080050                _xt_alloca_exc
                0x40080080                _WindowOverflow8
                0x400800c0                _WindowUnderflow8
                0x40080100                _WindowOverflow12
                0x40080140                _WindowUnderflow12
                0x00000180                . = 0x180
 *fill*         0x4008016a       0x16 
 *(.Level2InterruptVector.text)
 .Level2InterruptVector.text
                0x40080180        0x6 freertos/libfreertos.a(xtensa_vectors.S.obj)
                                  0x9 (size before relaxing)
                0x40080180                _Level2Vector
                0x000001c0                . = 0x1c0
 *fill*         0x40080186       0x3a 
 *(.Level3InterruptVector.text)
 .Level3InterruptVector.text
                0x400801c0        0x6 freertos/libfreertos.a(xtensa_vectors.S.obj)
                                  0x9 (size before relaxing)
                0x400801c0                _Level3Vector
                0x00000200                . = 0x200
 *fill*         0x400801c6       0x3a 
 *(.Level4InterruptVector.text)
 .Level4InterruptVector.text
                0x40080200        0x6 freertos/libfreertos.a(xtensa_vectors.S.obj)
                                  0x9 (size before relaxing)
                0x40080200                _Level4Vector
                0x00000240                . = 0x240
 *fill*         0x40080206       0x3a 
 *(.Level5InterruptVector.text)
 .Level5InterruptVector.text
                0x40080240        0x6 freertos/libfreertos.a(xtensa_vectors.S.obj)
                                  0x9 (size before relaxing)
                0x40080240                _Level5Vector
                0x00000280                . = 0x280
 *fill*         0x40080246       0x3a 
 *(.DebugExceptionVector.text)
 .DebugExceptionVector.text
                0x40080280        0x6 freertos/libfreertos.a(xtensa_vectors.S.obj)
                                  0x9 (size before relaxing)
                0x40080280                _DebugExceptionVector
                0x000002c0                . = 0x2c0
 *fill*         0x40080286       0x3a 
 *(.NMIExceptionVector.text)
 .NMIExceptionVector.text
                0x400802c0        0x6 freertos/libfreertos.a(xtensa_vectors.S.obj)
                                  0x9 (size before relaxing)
                0x400802c0                _NMIExceptionVector
                0x00000300                . = 0x300
 *fill*         0x400802c6       0x3a 
 *(.KernelExceptionVector.text)
 .KernelExceptionVector.text
                0x40080300        0x6 freertos/libfreertos.a(xtensa_vectors.S.obj)
                                  0x9 (size before relaxing)
                0x40080300                _KernelExceptionVector
                0x00000340                . = 0x340
 *fill*         0x40080306       0x3a 
 *(.UserExceptionVector.text)
 .UserExceptionVector.text
                0x40080340        0x6 freertos/libfreertos.a(xtensa_vectors.S.obj)
                                  0x9 (size before relaxing)
                0x40080340                _UserExceptionVector
                0x000003c0                . = 0x3c0
 *fill*         0x40080346       0x7a 
 *(.DoubleExceptionVector.text)
 .DoubleExceptionVector.text
                0x400803c0        0xe freertos/libfreertos.a(xtensa_vectors.S.obj)
                                 0x11 (size before relaxing)
                0x400803c0                _DoubleExceptionVector
                0x00000400                . = 0x400
 *fill*         0x400803ce       0x32 
 *(.*Vector.literal)
 .DebugExceptionVector.literal
                0x40080400        0x0 freertos/libfreertos.a(xtensa_vectors.S.obj)
                                  0x4 (size before relaxing)
 .DoubleExceptionVector.literal
                0x40080400        0x0 freertos/libfreertos.a(xtensa_vectors.S.obj)
                                  0x4 (size before relaxing)
 .KernelExceptionVector.literal
                0x40080400        0x0 freertos/libfreertos.a(xtensa_vectors.S.obj)
                                  0x4 (size before relaxing)
 .UserExceptionVector.literal
                0x40080400        0x0 freertos/libfreertos.a(xtensa_vectors.S.obj)
                                  0x4 (size before relaxing)
 .Level2InterruptVector.literal
                0x40080400        0x0 freertos/libfreertos.a(xtensa_vectors.S.obj)
                                  0x4 (size before relaxing)
 .Level3InterruptVector.literal
                0x40080400        0x0 freertos/libfreertos.a(xtensa_vectors.S.obj)
                                  0x4 (size before relaxing)
 .Level4InterruptVector.literal
                0x40080400        0x0 freertos/libfreertos.a(xtensa_vectors.S.obj)
                                  0x4 (size before relaxing)
 .Level5InterruptVector.literal
                0x40080400        0x0 freertos/libfreertos.a(xtensa_vectors.S.obj)
                                  0x4 (size before relaxing)
 .NMIExceptionVector.literal
                0x40080400        0x0 freertos/libfreertos.a(xtensa_vectors.S.obj)
                                  0x4 (size before relaxing)
 *(.UserEnter.literal)
 *(.UserEnter.text)
                0x40080400                . = ALIGN (0x10)
 *fill*         0x40080400        0x0 
 *(.entry.text)
 *(.init.literal)
 *(.init)
                0x40080400                _init_end = ABSOLUTE (.)
                0x00000000                _iram_start = 0x0

.iram0.text     0x40080400     0x87f0
                0x40080400                _iram_text_start = ABSOLUTE (.)
 *(.iram1 .iram1.*)
 .iram1.literal
                0x40080400       0xb4 esp32/libesp32.a(cpu_start.c.obj)
                                0x1e4 (size before relaxing)
 .iram1.literal
                0x400804b4       0x1c esp32/libesp32.a(crosscore_int.c.obj)
                                 0x40 (size before relaxing)
 .iram1.literal
                0x400804d0       0x38 esp32/libesp32.a(dport_access.c.obj)
                                 0x88 (size before relaxing)
 .iram1.literal
                0x40080508       0x14 esp32/libesp32.a(dport_panic_highint_hdl.S.obj)
                                 0x34 (size before relaxing)
 .iram1.literal
                0x4008051c       0x28 esp32/libesp32.a(esp_timer.c.obj)
                                 0x60 (size before relaxing)
 .iram1.literal
                0x40080544       0x60 esp32/libesp32.a(esp_timer_esp32.c.obj)
                                 0xf8 (size before relaxing)
 .iram1.literal
                0x400805a4        0x8 esp32/libesp32.a(int_wdt.c.obj)
                                  0xc (size before relaxing)
 .iram1.literal
                0x400805ac       0x20 esp32/libesp32.a(intr_alloc.c.obj)
                                 0x7c (size before relaxing)
 .iram1.literal
                0x400805cc       0x20 esp32/libesp32.a(ipc.c.obj)
                                 0x34 (size before relaxing)
 .iram1.literal
                0x400805ec       0x60 esp32/libesp32.a(system_api.c.obj)
                                 0xc0 (size before relaxing)
 .iram1.literal
                0x4008064c        0xc esp32/libesp32.a(cache_err_int.c.obj)
                                 0x18 (size before relaxing)
 .iram1.literal
                0x40080658        0xc esp32/libesp32.a(clk.c.obj)
                                 0x18 (size before relaxing)
 .iram1.literal
                0x40080664        0x4 esp32/libesp32.a(freertos_hooks.c.obj)
 .iram1.literal
                0x40080668       0x24 log/liblog.a(log.c.obj)
                                 0x48 (size before relaxing)
 .iram1.literal
                0x4008068c        0x4 freertos/libfreertos.a(port.c.obj)
 .iram1.literal
                0x40080690       0x44 freertos/libfreertos.a(xtensa_vectors.S.obj)
                                 0xa8 (size before relaxing)
 .iram1.literal
                0x400806d4        0x0 freertos/libfreertos.a(xtensa_vector_defaults.S.obj)
                                  0x4 (size before relaxing)
 .iram1.literal
                0x400806d4       0x58 heap/libheap.a(heap_caps.c.obj)
                                 0xb0 (size before relaxing)
 .iram1.literal
                0x4008072c       0x14 newlib/libnewlib.a(locks.c.obj)
                                 0x90 (size before relaxing)
 .iram1.literal
                0x40080740        0x8 newlib/libnewlib.a(reent_init.c.obj)
                                 0x10 (size before relaxing)
 .iram1.literal
                0x40080748        0x0 newlib/libnewlib.a(syscalls.c.obj)
                                 0x14 (size before relaxing)
 .iram1.literal
                0x40080748        0x4 newlib/libnewlib.a(time.c.obj)
                                 0x1c (size before relaxing)
 .iram1.literal
                0x4008074c       0x1c soc/libsoc.a(cpu_util.c.obj)
                                 0x30 (size before relaxing)
 .iram1.literal
                0x40080768        0x8 main/libmain.a(pcnt_example_main.c.obj)
                                 0x10 (size before relaxing)
 .iram1.literal
                0x40080770       0x50 spi_flash/libspi_flash.a(cache_utils.c.obj)
                                0x114 (size before relaxing)
 .iram1.literal
                0x400807c0       0x38 spi_flash/libspi_flash.a(flash_ops.c.obj)
                                 0xe4 (size before relaxing)
 .iram1.literal
                0x400807f8       0x50 spi_flash/libspi_flash.a(flash_mmap.c.obj)
                                0x170 (size before relaxing)
 .literal.pxPortInitialiseStack
                0x40080848       0x10 freertos/libfreertos.a(port.c.obj)
                                 0x18 (size before relaxing)
 .literal.xPortStartScheduler
                0x40080858        0x0 freertos/libfreertos.a(port.c.obj)
                                 0x14 (size before relaxing)
 .literal.xPortSysTickHandler
                0x40080858        0x0 freertos/libfreertos.a(port.c.obj)
                                  0x8 (size before relaxing)
 .literal.vPortYieldOtherCore
                0x40080858        0x0 freertos/libfreertos.a(port.c.obj)
                                  0x4 (size before relaxing)
 .literal.vPortReleaseTaskMPUSettings
                0x40080858        0x0 freertos/libfreertos.a(port.c.obj)
                                  0x4 (size before relaxing)
 .literal.xPortInIsrContext
                0x40080858        0x0 freertos/libfreertos.a(port.c.obj)
                                  0x8 (size before relaxing)
 .literal.vPortCPUInitializeMutex
                0x40080858        0x4 freertos/libfreertos.a(port.c.obj)
 .literal.vPortCPUAcquireMutex
                0x4008085c       0x1c freertos/libfreertos.a(port.c.obj)
                                 0x30 (size before relaxing)
 .literal.vPortCPUReleaseMutex
                0x40080878        0xc freertos/libfreertos.a(port.c.obj)
                                 0x20 (size before relaxing)
 .literal       0x40080884       0x10 freertos/libfreertos.a(portasm.S.obj)
                                 0x74 (size before relaxing)
 .literal.prvIsQueueFull
                0x40080894        0x0 freertos/libfreertos.a(queue.c.obj)
                                  0x8 (size before relaxing)
 .literal.prvCopyDataToQueue
                0x40080894        0x0 freertos/libfreertos.a(queue.c.obj)
                                  0xc (size before relaxing)
 .literal.prvNotifyQueueSetContainer
                0x40080894       0x14 freertos/libfreertos.a(queue.c.obj)
                                 0x34 (size before relaxing)
 .literal.prvCopyDataFromQueue
                0x400808a8        0x0 freertos/libfreertos.a(queue.c.obj)
                                  0x4 (size before relaxing)
 .literal.xQueueGenericReset
                0x400808a8        0x4 freertos/libfreertos.a(queue.c.obj)
                                 0x30 (size before relaxing)
 .literal.prvInitialiseNewQueue
                0x400808ac        0x0 freertos/libfreertos.a(queue.c.obj)
                                  0x4 (size before relaxing)
 .literal.xQueueGenericCreate
                0x400808ac        0x8 freertos/libfreertos.a(queue.c.obj)
                                 0x1c (size before relaxing)
 .literal.xQueueGetMutexHolder
                0x400808b4        0x0 freertos/libfreertos.a(queue.c.obj)
                                  0x8 (size before relaxing)
 .literal.xQueueCreateCountingSemaphore
                0x400808b4        0x4 freertos/libfreertos.a(queue.c.obj)
                                 0x28 (size before relaxing)
 .literal.xQueueGenericSend
                0x400808b8        0x4 freertos/libfreertos.a(queue.c.obj)
                                 0x7c (size before relaxing)
 .literal.prvInitialiseMutex
                0x400808bc        0x0 freertos/libfreertos.a(queue.c.obj)
                                  0x8 (size before relaxing)
 .literal.xQueueCreateMutex
                0x400808bc        0x0 freertos/libfreertos.a(queue.c.obj)
                                  0x8 (size before relaxing)
 .literal.xQueueGiveMutexRecursive
                0x400808bc        0x4 freertos/libfreertos.a(queue.c.obj)
                                 0x1c (size before relaxing)
 .literal.xQueueGenericSendFromISR
                0x400808c0        0x4 freertos/libfreertos.a(queue.c.obj)
                                 0x3c (size before relaxing)
 .literal.xQueueGiveFromISR
                0x400808c4        0x4 freertos/libfreertos.a(queue.c.obj)
                                 0x30 (size before relaxing)
 .literal.xQueueGenericReceive
                0x400808c8        0x4 freertos/libfreertos.a(queue.c.obj)
                                 0x78 (size before relaxing)
 .literal.xQueueTakeMutexRecursive
                0x400808cc        0x4 freertos/libfreertos.a(queue.c.obj)
                                 0x1c (size before relaxing)
 .literal.xQueueReceiveFromISR
                0x400808d0        0x4 freertos/libfreertos.a(queue.c.obj)
                                 0x30 (size before relaxing)
 .literal.vQueueDelete
                0x400808d4        0x4 freertos/libfreertos.a(queue.c.obj)
                                 0x18 (size before relaxing)
 .literal.vQueueWaitForMessageRestricted
                0x400808d8        0x0 freertos/libfreertos.a(queue.c.obj)
                                  0xc (size before relaxing)
 .literal.prvResetNextTaskUnblockTime
                0x400808d8        0x8 freertos/libfreertos.a(tasks.c.obj)
 .literal.prvDeleteTLS
                0x400808e0       0x10 freertos/libfreertos.a(tasks.c.obj)
                                 0x18 (size before relaxing)
 .literal.prvInitialiseNewTask
                0x400808f0        0x0 freertos/libfreertos.a(tasks.c.obj)
                                 0x18 (size before relaxing)
 .literal.prvInitialiseTaskLists
                0x400808f0       0x20 freertos/libfreertos.a(tasks.c.obj)
                                 0x40 (size before relaxing)
 .literal.prvDeleteTCB
                0x40080910        0x8 freertos/libfreertos.a(tasks.c.obj)
                                 0x2c (size before relaxing)
 .literal.prvAddCurrentTaskToDelayedList
                0x40080918        0x4 freertos/libfreertos.a(tasks.c.obj)
                                 0x1c (size before relaxing)
 .literal.taskYIELD_OTHER_CORE
                0x4008091c        0x0 freertos/libfreertos.a(tasks.c.obj)
                                 0x10 (size before relaxing)
 .literal.vTaskSuspendAll
                0x4008091c        0x4 freertos/libfreertos.a(tasks.c.obj)
                                  0x8 (size before relaxing)
 .literal.xTaskGetTickCount
                0x40080920        0x0 freertos/libfreertos.a(tasks.c.obj)
                                  0x4 (size before relaxing)
 .literal.xTaskGetIdleTaskHandleForCPU
                0x40080920        0xc freertos/libfreertos.a(tasks.c.obj)
                                 0x1c (size before relaxing)
 .literal.vTaskSwitchContext
                0x4008092c       0x18 freertos/libfreertos.a(tasks.c.obj)
                                 0x3c (size before relaxing)
 .literal.vTaskSetTimeOutState
                0x40080944        0xc freertos/libfreertos.a(tasks.c.obj)
                                 0x20 (size before relaxing)
 .literal.xTaskGetCurrentTaskHandle
                0x40080950        0x0 freertos/libfreertos.a(tasks.c.obj)
                                  0x8 (size before relaxing)
 .literal.__getreent
                0x40080950        0x0 freertos/libfreertos.a(tasks.c.obj)
                                  0x8 (size before relaxing)
 .literal.pcTaskGetTaskName
                0x40080950        0x8 freertos/libfreertos.a(tasks.c.obj)
                                 0x1c (size before relaxing)
 .literal.xTaskGetAffinity
                0x40080958        0x0 freertos/libfreertos.a(tasks.c.obj)
                                  0x4 (size before relaxing)
 .literal.xTaskGetCurrentTaskHandleForCPU
                0x40080958        0x0 freertos/libfreertos.a(tasks.c.obj)
                                  0x4 (size before relaxing)
 .literal.xTaskGetSchedulerState
                0x40080958        0x4 freertos/libfreertos.a(tasks.c.obj)
                                  0xc (size before relaxing)
 .literal.vTaskEnterCritical
                0x4008095c       0x14 freertos/libfreertos.a(tasks.c.obj)
                                 0x34 (size before relaxing)
 .literal.vTaskExitCritical
                0x40080970        0xc freertos/libfreertos.a(tasks.c.obj)
                                 0x28 (size before relaxing)
 .literal.prvAddNewTaskToReadyList
                0x4008097c       0x10 freertos/libfreertos.a(tasks.c.obj)
                                 0x58 (size before relaxing)
 .literal.xTaskCreatePinnedToCore
                0x4008098c        0x0 freertos/libfreertos.a(tasks.c.obj)
                                 0x18 (size before relaxing)
 .literal.vTaskStartScheduler
                0x4008098c       0x10 freertos/libfreertos.a(tasks.c.obj)
                                 0x38 (size before relaxing)
 .literal.vTaskDelete
                0x4008099c        0x8 freertos/libfreertos.a(tasks.c.obj)
                                 0x60 (size before relaxing)
 .literal.prvCheckTasksWaitingTermination
                0x400809a4        0x8 freertos/libfreertos.a(tasks.c.obj)
                                 0x30 (size before relaxing)
 .literal.prvIdleTask
                0x400809ac        0x0 freertos/libfreertos.a(tasks.c.obj)
                                  0xc (size before relaxing)
 .literal.xTaskIncrementTick
                0x400809ac        0xc freertos/libfreertos.a(tasks.c.obj)
                                 0x6c (size before relaxing)
 .literal.xTaskResumeAll
                0x400809b8        0x8 freertos/libfreertos.a(tasks.c.obj)
                                 0x5c (size before relaxing)
 .literal.vTaskPlaceOnEventList
                0x400809c0        0x8 freertos/libfreertos.a(tasks.c.obj)
                                 0x40 (size before relaxing)
 .literal.vTaskPlaceOnEventListRestricted
                0x400809c8        0x8 freertos/libfreertos.a(tasks.c.obj)
                                 0x38 (size before relaxing)
 .literal.xTaskRemoveFromEventList
                0x400809d0        0x8 freertos/libfreertos.a(tasks.c.obj)
                                 0x58 (size before relaxing)
 .literal.xTaskCheckForTimeOut
                0x400809d8        0xc freertos/libfreertos.a(tasks.c.obj)
                                 0x3c (size before relaxing)
 .literal.vTaskPriorityInherit
                0x400809e4        0x0 freertos/libfreertos.a(tasks.c.obj)
                                 0x28 (size before relaxing)
 .literal.xTaskPriorityDisinherit
                0x400809e4        0x8 freertos/libfreertos.a(tasks.c.obj)
                                 0x3c (size before relaxing)
 .literal.pvTaskIncrementMutexHeldCount
                0x400809ec        0x0 freertos/libfreertos.a(tasks.c.obj)
                                 0x10 (size before relaxing)
 .literal.prvGetNextExpireTime
                0x400809ec        0x4 freertos/libfreertos.a(timers.c.obj)
 .literal.prvInsertTimerInActiveList
                0x400809f0        0x4 freertos/libfreertos.a(timers.c.obj)
                                 0x10 (size before relaxing)
 .literal.prvCheckForValidListAndQueue
                0x400809f4       0x1c freertos/libfreertos.a(timers.c.obj)
                                 0x44 (size before relaxing)
 .literal.xTimerCreateTimerTask
                0x40080a10        0xc freertos/libfreertos.a(timers.c.obj)
                                 0x2c (size before relaxing)
 .literal.xTimerGenericCommand
                0x40080a1c        0x0 freertos/libfreertos.a(timers.c.obj)
                                 0x14 (size before relaxing)
 .literal.prvSwitchTimerLists
                0x40080a1c        0x4 freertos/libfreertos.a(timers.c.obj)
                                 0x28 (size before relaxing)
 .literal.prvSampleTimeNow
                0x40080a20        0x4 freertos/libfreertos.a(timers.c.obj)
                                  0xc (size before relaxing)
 .literal.prvProcessExpiredTimer
                0x40080a24        0x4 freertos/libfreertos.a(timers.c.obj)
                                 0x24 (size before relaxing)
 .literal.prvProcessTimerOrBlockTask
                0x40080a28        0x0 freertos/libfreertos.a(timers.c.obj)
                                 0x24 (size before relaxing)
 .literal.prvProcessReceivedCommands
                0x40080a28        0x8 freertos/libfreertos.a(timers.c.obj)
                                 0x40 (size before relaxing)
 .literal.prvTimerTask
                0x40080a30        0x0 freertos/libfreertos.a(timers.c.obj)
                                  0xc (size before relaxing)
 .literal       0x40080a30        0x0 freertos/libfreertos.a(xtensa_context.S.obj)
                                 0x24 (size before relaxing)
 .literal._xt_tick_divisor_init
                0x40080a30        0x4 freertos/libfreertos.a(xtensa_init.c.obj)
                                  0xc (size before relaxing)
 .literal.xt_unhandled_interrupt
                0x40080a34        0x4 freertos/libfreertos.a(xtensa_intr.c.obj)
                                  0x8 (size before relaxing)
 .literal.xt_set_interrupt_handler
                0x40080a38        0x8 freertos/libfreertos.a(xtensa_intr.c.obj)
                                  0xc (size before relaxing)
 .literal.get_prev_free_block
                0x40080a40       0x10 heap/libheap.a(multi_heap.c.obj)
                                 0x28 (size before relaxing)
 .literal.split_if_necessary
                0x40080a50       0x10 heap/libheap.a(multi_heap.c.obj)
                                 0x50 (size before relaxing)
 .literal.assert_valid_block
                0x40080a60        0x0 heap/libheap.a(multi_heap.c.obj)
                                 0x2c (size before relaxing)
 .literal.merge_adjacent
                0x40080a60        0x8 heap/libheap.a(multi_heap.c.obj)
                                 0x4c (size before relaxing)
 .literal.multi_heap_get_allocated_size_impl
                0x40080a68        0x0 heap/libheap.a(multi_heap.c.obj)
                                 0x10 (size before relaxing)
 .literal.multi_heap_malloc_impl
                0x40080a68        0x0 heap/libheap.a(multi_heap.c.obj)
                                 0x28 (size before relaxing)
 .literal.multi_heap_free_impl
                0x40080a68        0x0 heap/libheap.a(multi_heap.c.obj)
                                 0x50 (size before relaxing)
 .literal.multi_heap_realloc_impl
                0x40080a68        0x8 heap/libheap.a(multi_heap.c.obj)
                                 0x68 (size before relaxing)
 .literal.panicPutChar
                0x40080a70        0x8 esp32/libesp32.a(panic.c.obj)
 .literal.panicPutStr
                0x40080a78        0x0 esp32/libesp32.a(panic.c.obj)
                                  0x4 (size before relaxing)
 .literal.panicPutHex
                0x40080a78        0x0 esp32/libesp32.a(panic.c.obj)
                                  0x8 (size before relaxing)
 .literal.panicPutDec
                0x40080a78        0x4 esp32/libesp32.a(panic.c.obj)
                                 0x10 (size before relaxing)
 .literal.reconfigureAllWdts
                0x40080a7c       0x10 esp32/libesp32.a(panic.c.obj)
                                 0x24 (size before relaxing)
 .literal.putEntry
                0x40080a8c        0xc esp32/libesp32.a(panic.c.obj)
                                 0x20 (size before relaxing)
 .literal.doBacktrace
                0x40080a98       0x10 esp32/libesp32.a(panic.c.obj)
                                 0x24 (size before relaxing)
 .literal.invoke_abort
                0x40080aa8        0x4 esp32/libesp32.a(panic.c.obj)
                                  0x8 (size before relaxing)
 .literal.haltOtherCore
                0x40080aac        0x0 esp32/libesp32.a(panic.c.obj)
                                  0x4 (size before relaxing)
 .literal.esp_panic_wdt_start
                0x40080aac       0x14 esp32/libesp32.a(panic.c.obj)
                                 0x2c (size before relaxing)
 .literal.commonErrorHandler_dump
                0x40080ac0       0x30 esp32/libesp32.a(panic.c.obj)
                                 0x90 (size before relaxing)
 .literal.esp_panic_dig_reset
                0x40080af0        0x0 esp32/libesp32.a(panic.c.obj)
                                 0x14 (size before relaxing)
 .literal.abort
                0x40080af0        0x8 esp32/libesp32.a(panic.c.obj)
                                 0x10 (size before relaxing)
 .literal.vApplicationStackOverflowHook
                0x40080af8        0x8 esp32/libesp32.a(panic.c.obj)
                                 0x18 (size before relaxing)
 .literal.esp_panic_wdt_stop
                0x40080b00        0x0 esp32/libesp32.a(panic.c.obj)
                                 0x18 (size before relaxing)
 .literal.commonErrorHandler
                0x40080b00        0x4 esp32/libesp32.a(panic.c.obj)
                                 0x28 (size before relaxing)
 .literal.panicHandler
                0x40080b04       0x34 esp32/libesp32.a(panic.c.obj)
                                 0xa4 (size before relaxing)
 .literal.xt_unhandled_exception
                0x40080b38       0x18 esp32/libesp32.a(panic.c.obj)
                                 0x60 (size before relaxing)
 .literal._esp_error_check_failed
                0x40080b50       0x14 esp32/libesp32.a(panic.c.obj)
                                 0x30 (size before relaxing)
 .literal.rtc_clk_32k_enable_internal
                0x40080b64       0x14 soc/libsoc.a(rtc_clk.c.obj)
 .literal.rtc_clk_32k_enable
                0x40080b78        0x4 soc/libsoc.a(rtc_clk.c.obj)
                                  0xc (size before relaxing)
 .literal.rtc_clk_32k_bootstrap
                0x40080b7c        0xc soc/libsoc.a(rtc_clk.c.obj)
                                 0x34 (size before relaxing)
 .literal.rtc_clk_slow_freq_set
                0x40080b88        0x4 soc/libsoc.a(rtc_clk.c.obj)
                                  0xc (size before relaxing)
 .literal.rtc_clk_slow_freq_get
                0x40080b8c        0x0 soc/libsoc.a(rtc_clk.c.obj)
                                  0x4 (size before relaxing)
 .literal.rtc_clk_slow_freq_get_hz
                0x40080b8c        0xc soc/libsoc.a(rtc_clk.c.obj)
                                 0x10 (size before relaxing)
 .literal.rtc_clk_fast_freq_set
                0x40080b98        0x4 soc/libsoc.a(rtc_clk.c.obj)
                                  0xc (size before relaxing)
 .literal.rtc_clk_bbpll_set
                0x40080b9c        0xc soc/libsoc.a(rtc_clk.c.obj)
                                 0x38 (size before relaxing)
 .literal.rtc_clk_xtal_freq_get
                0x40080ba8        0xc soc/libsoc.a(rtc_clk.c.obj)
                                 0x1c (size before relaxing)
 .literal.rtc_clk_cpu_freq_get
                0x40080bb4       0x14 soc/libsoc.a(rtc_clk.c.obj)
                                 0x2c (size before relaxing)
 .literal.rtc_clk_cpu_freq_value
                0x40080bc8       0x1c soc/libsoc.a(rtc_clk.c.obj)
                                 0x2c (size before relaxing)
 .literal.rtc_clk_apb_freq_update
                0x40080be4        0x4 soc/libsoc.a(rtc_clk.c.obj)
                                  0x8 (size before relaxing)
 .literal.rtc_clk_cpu_freq_set
                0x40080be8       0x1c soc/libsoc.a(rtc_clk.c.obj)
                                 0x88 (size before relaxing)
 .literal.rtc_clk_apb_freq_get
                0x40080c04        0x8 soc/libsoc.a(rtc_clk.c.obj)
                                 0x14 (size before relaxing)
 .literal.rtc_init
                0x40080c0c       0x80 soc/libsoc.a(rtc_init.c.obj)
                                 0xdc (size before relaxing)
 .literal.rtc_clk_cal_internal
                0x40080c8c       0x10 soc/libsoc.a(rtc_time.c.obj)
                                 0x3c (size before relaxing)
 .literal.rtc_clk_cal
                0x40080c9c        0x0 soc/libsoc.a(rtc_time.c.obj)
                                  0xc (size before relaxing)
 .literal.rtc_time_get
                0x40080c9c       0x10 soc/libsoc.a(rtc_time.c.obj)
                                 0x18 (size before relaxing)
 .literal.rtc_clk_wait_for_slow_cycle
                0x40080cac        0x8 soc/libsoc.a(rtc_time.c.obj)
                                 0x20 (size before relaxing)
 .literal       0x40080cb4        0x0 C:/Users/ricardo/esp/esp-idf/components/esp32/libhal.a(windowspill_asm.o)
                                  0x4 (size before relaxing)
 .literal.esp_rom_spiflash_read_status
                0x40080cb4       0x10 spi_flash/libspi_flash.a(spi_flash_rom_patch.c.obj)
                                 0x14 (size before relaxing)
 .literal.esp_rom_spiflash_wait_idle
                0x40080cc4        0x8 spi_flash/libspi_flash.a(spi_flash_rom_patch.c.obj)
                                  0xc (size before relaxing)
 .literal.esp_rom_spiflash_erase_block_internal
                0x40080ccc        0x4 spi_flash/libspi_flash.a(spi_flash_rom_patch.c.obj)
                                 0x18 (size before relaxing)
 .literal.esp_rom_spiflash_erase_sector_internal
                0x40080cd0        0x0 spi_flash/libspi_flash.a(spi_flash_rom_patch.c.obj)
                                 0x18 (size before relaxing)
 .literal.esp_rom_spiflash_read_data
                0x40080cd0       0x18 spi_flash/libspi_flash.a(spi_flash_rom_patch.c.obj)
                                 0x34 (size before relaxing)
 .literal.esp_rom_spiflash_enable_write
                0x40080ce8        0x0 spi_flash/libspi_flash.a(spi_flash_rom_patch.c.obj)
                                 0x10 (size before relaxing)
 .literal.esp_rom_spiflash_program_page_internal
                0x40080ce8       0x10 spi_flash/libspi_flash.a(spi_flash_rom_patch.c.obj)
                                 0x40 (size before relaxing)
 .literal.esp_rom_spiflash_read_statushigh
                0x40080cf8        0x4 spi_flash/libspi_flash.a(spi_flash_rom_patch.c.obj)
                                  0xc (size before relaxing)
 .literal.esp_rom_spiflash_write_status
                0x40080cfc        0x4 spi_flash/libspi_flash.a(spi_flash_rom_patch.c.obj)
                                 0x14 (size before relaxing)
 .literal.esp_rom_spiflash_unlock
                0x40080d00        0x8 spi_flash/libspi_flash.a(spi_flash_rom_patch.c.obj)
                                 0x28 (size before relaxing)
 .literal.esp_rom_spiflash_erase_block
                0x40080d08        0xc spi_flash/libspi_flash.a(spi_flash_rom_patch.c.obj)
                                 0x20 (size before relaxing)
 .literal.esp_rom_spiflash_erase_sector
                0x40080d14        0x0 spi_flash/libspi_flash.a(spi_flash_rom_patch.c.obj)
                                 0x20 (size before relaxing)
 .literal.esp_rom_spiflash_write
                0x40080d14        0x0 spi_flash/libspi_flash.a(spi_flash_rom_patch.c.obj)
                                 0x28 (size before relaxing)
 .literal.esp_rom_spiflash_write_encrypted
                0x40080d14        0xc spi_flash/libspi_flash.a(spi_flash_rom_patch.c.obj)
                                 0x10 (size before relaxing)
 .literal.esp_rom_spiflash_read
                0x40080d20       0x30 spi_flash/libspi_flash.a(spi_flash_rom_patch.c.obj)
                                 0x5c (size before relaxing)
 .literal       0x40080d50       0x10 C:/Users/ricardo/esp/esp-idf/components/newlib/lib\libm.a(lib_a-s_fpclassify.o)
                                 0x18 (size before relaxing)
 .iram1         0x40080d60      0x2ae esp32/libesp32.a(cpu_start.c.obj)
                                0x36a (size before relaxing)
                0x40080d60                start_cpu0_default
                0x40080d60                start_cpu0
                0x40080e30                start_cpu1
                0x40080e30                start_cpu1_default
                0x40080eac                call_start_cpu0
 *fill*         0x4008100e        0x2 
 .iram1         0x40081010       0xb0 esp32/libesp32.a(crosscore_int.c.obj)
                                 0xc0 (size before relaxing)
                0x400810a8                esp_crosscore_int_send_yield
                0x400810b4                esp_crosscore_int_send_freq_switch
 .iram1         0x400810c0      0x1e3 esp32/libesp32.a(dport_access.c.obj)
                                0x1ef (size before relaxing)
                0x400810c0                esp_dport_access_stall_other_cpu_start
                0x40081170                esp_dport_access_stall_other_cpu_end
                0x400811ec                esp_dport_access_stall_other_cpu_start_wrap
                0x400811f4                esp_dport_access_stall_other_cpu_end_wrap
                0x400811fc                esp_dport_access_int_pause
                0x40081220                esp_dport_access_int_abort
                0x40081234                esp_dport_access_int_resume
                0x40081258                esp_dport_access_reg_read
                0x40081270                esp_dport_access_sequence_reg_read
                0x4008127c                esp_dport_access_read_buffer
 *fill*         0x400812a3        0x1 
 .iram1         0x400812a4       0xde esp32/libesp32.a(dport_panic_highint_hdl.S.obj)
                                 0xe6 (size before relaxing)
                0x400812a4                xt_highint4
                0x40081382                ld_include_panic_highint_hdl
 *fill*         0x40081382        0x2 
 .iram1         0x40081384      0x203 esp32/libesp32.a(esp_timer.c.obj)
                                0x21b (size before relaxing)
                0x400814a0                esp_timer_stop
                0x400814c4                esp_timer_get_next_alarm
                0x400814e4                esp_timer_get_time
                0x400814f4                esp_timer_start_once
                0x40081538                esp_timer_start_periodic
 *fill*         0x40081587        0x1 
 .iram1         0x40081588      0x4af esp32/libesp32.a(esp_timer_esp32.c.obj)
                                0x4bb (size before relaxing)
                0x400816ac                esp_timer_impl_get_time
                0x4008181c                esp_timer_impl_set_alarm
                0x40081964                esp_timer_impl_update_apb_freq
                0x40081a2c                esp_timer_impl_get_min_period_us
 *fill*         0x40081a37        0x1 
 .iram1         0x40081a38       0x53 esp32/libesp32.a(int_wdt.c.obj)
 *fill*         0x40081a8b        0x1 
 .iram1         0x40081a8c      0x2b6 esp32/libesp32.a(intr_alloc.c.obj)
                                0x2ce (size before relaxing)
                0x40081ac8                esp_intr_set_in_iram
                0x40081b50                esp_intr_enable
                0x40081bd8                esp_intr_disable
                0x40081ca0                esp_intr_noniram_disable
                0x40081cec                esp_intr_noniram_enable
                0x40081d2c                ets_isr_unmask
                0x40081d38                ets_isr_mask
 *fill*         0x40081d42        0x2 
 .iram1         0x40081d44       0x7f esp32/libesp32.a(ipc.c.obj)
                                 0x8b (size before relaxing)
 *fill*         0x40081dc3        0x1 
 .iram1         0x40081dc4      0x1e1 esp32/libesp32.a(system_api.c.obj)
                                0x21c (size before relaxing)
                0x40081e3c                esp_restart_noos
                0x40081f84                system_restart
                0x40081f84                esp_restart
 *fill*         0x40081fa5        0x3 
 .iram1         0x40081fa8       0x2c esp32/libesp32.a(cache_err_int.c.obj)
                                 0x34 (size before relaxing)
                0x40081fa8                esp_cache_err_get_cpuid
 .iram1         0x40081fd4       0x37 esp32/libesp32.a(clk.c.obj)
                0x40081fd4                esp_clk_cpu_freq
                0x40081fe4                esp_clk_apb_freq
                0x40081ffc                ets_update_cpu_frequency
 *fill*         0x4008200b        0x1 
 .iram1         0x4008200c       0x27 esp32/libesp32.a(freertos_hooks.c.obj)
                0x4008200c                esp_vApplicationTickHook
 *fill*         0x40082033        0x1 
 .iram1         0x40082034      0x18a log/liblog.a(log.c.obj)
                                0x19a (size before relaxing)
                0x40082034                esp_log_write
                0x40082164                esp_log_early_timestamp
                0x40082180                esp_log_timestamp
 *fill*         0x400821be        0x2 
 .iram1         0x400821c0       0x1a freertos/libfreertos.a(port.c.obj)
                0x400821c0                xPortInterruptedFromISRContext
 *fill*         0x400821da        0x2 
 .iram1         0x400821dc      0x4c8 freertos/libfreertos.a(xtensa_vectors.S.obj)
                                0x4ec (size before relaxing)
                0x400821dc                _xt_panic
                0x400822f8                _xt_user_exit
                0x400825f0                _xt_medint2_exit
                0x40082690                _xt_medint3_exit
 .iram1         0x400826a4       0x2e freertos/libfreertos.a(xtensa_vector_defaults.S.obj)
                                 0x32 (size before relaxing)
                0x400826a4                xt_debugexception
                0x400826c4                xt_highint5
                0x400826cc                xt_nmi
                0x400826cc                _xt_nmi
 *fill*         0x400826d2        0x2 
 .iram1         0x400826d4      0x3dd heap/libheap.a(heap_caps.c.obj)
                                0x3f5 (size before relaxing)
                0x40082764                heap_caps_malloc
                0x40082800                heap_caps_malloc_default
                0x40082844                heap_caps_malloc_prefer
                0x4008289c                heap_caps_free
                0x400828d4                heap_caps_realloc
                0x40082980                heap_caps_realloc_default
                0x400829d8                heap_caps_realloc_prefer
                0x40082a3c                heap_caps_calloc
                0x40082a5c                heap_caps_calloc_prefer
 *fill*         0x40082ab1        0x3 
 .iram1         0x40082ab4      0x1cc newlib/libnewlib.a(locks.c.obj)
                                0x210 (size before relaxing)
                0x40082bcc                _lock_init
                0x40082bdc                _lock_init_recursive
                0x40082bec                _lock_close
                0x40082c28                _lock_acquire
                0x40082c38                _lock_acquire_recursive
                0x40082c48                _lock_try_acquire
                0x40082c58                _lock_try_acquire_recursive
                0x40082c68                _lock_release
                0x40082c74                _lock_release_recursive
 .iram1         0x40082c80       0x3c newlib/libnewlib.a(reent_init.c.obj)
                0x40082c80                esp_reent_init
 .iram1         0x40082cbc       0x4a newlib/libnewlib.a(syscalls.c.obj)
                                 0x52 (size before relaxing)
                0x40082cbc                _malloc_r
                0x40082cc8                _free_r
                0x40082cd4                _realloc_r
                0x40082ce8                _calloc_r
 *fill*         0x40082d06        0x2 
 .iram1         0x40082d08       0x70 newlib/libnewlib.a(time.c.obj)
                                 0x74 (size before relaxing)
                0x40082d08                _gettimeofday_r
                0x40082d50                _times_r
 .iram1         0x40082d78      0x11a soc/libsoc.a(cpu_util.c.obj)
                0x40082d78                esp_cpu_stall
                0x40082e0c                esp_cpu_unstall
                0x40082e60                esp_cpu_reset
                0x40082e84                esp_cpu_in_ocd_debug_mode
 *fill*         0x40082e92        0x2 
 .iram1         0x40082e94       0x57 main/libmain.a(pcnt_example_main.c.obj)
                                 0x5b (size before relaxing)
 *fill*         0x40082eeb        0x1 
 .iram1         0x40082eec      0x2e0 spi_flash/libspi_flash.a(cache_utils.c.obj)
                                0x320 (size before relaxing)
                0x40082f50                spi_flash_op_block_func
                0x40082ffc                spi_flash_disable_interrupts_caches_and_other_cpu
                0x400830c8                spi_flash_enable_interrupts_caches_and_other_cpu
                0x40083160                spi_flash_disable_interrupts_caches_and_other_cpu_no_os
                0x4008318c                spi_flash_enable_interrupts_caches_no_os
                0x400831a8                spi_flash_cache_enabled
 .iram1         0x400831cc      0x722 spi_flash/libspi_flash.a(flash_ops.c.obj)
                                0x74a (size before relaxing)
                0x4008323c                spi_flash_guard_set
                0x40083248                spi_flash_guard_get
                0x40083254                spi_flash_get_chip_size
                0x40083260                spi_flash_erase_range
                0x40083318                spi_flash_erase_sector
                0x4008333c                spi_flash_write
                0x40083504                spi_flash_read
                0x4008379c                spi_flash_read_encrypted
                0x400837e4                spi_flash_write_encrypted
 *fill*         0x400838ee        0x2 
 .iram1         0x400838f0      0x5c3 spi_flash/libspi_flash.a(flash_mmap.c.obj)
                                0x60f (size before relaxing)
                0x40083a44                spi_flash_mmap_pages
                0x40083c88                spi_flash_mmap
                0x40083cfc                spi_flash_munmap
                0x40083da0                spi_flash_mmap_get_free_pages
                0x40083df4                spi_flash_mark_modified_region
                0x40083e40                spi_flash_phys2cache
 *fill*         0x40083eb3        0x1 
 .iram1         0x40083eb4       0x20 esp32/libesp32.a(dbg_stubs.c.obj)
 *fill*         0x40083ed4        0x0 
 *fill*         0x40083ed4        0x0 
 *fill*         0x40083ed4        0x0 
 *fill*         0x40083ed4        0x0 
 *fill*         0x40083ed4        0x0 
 *fill*         0x40083ed4        0x0 
 *fill*         0x40083ed4        0x0 
 *fill*         0x40083ed4        0x0 
 *fill*         0x40083ed4        0x0 
 *fill*         0x40083ed4        0x0 
 *fill*         0x40083ed4        0x0 
 *fill*         0x40083ed4        0x0 
 *fill*         0x40083ed4        0x0 
 *fill*         0x40083ed4        0x0 
 *fill*         0x40083ed4        0x0 
 *fill*         0x40083ed4        0x0 
 *fill*         0x40083ed4        0x0 
 *libfreertos.a:(.literal .text .literal.* .text.*)
 .text.pxPortInitialiseStack
                0x40083ed4       0x86 freertos/libfreertos.a(port.c.obj)
                0x40083ed4                pxPortInitialiseStack
 *fill*         0x40083f5a        0x2 
 .text.xPortStartScheduler
                0x40083f5c       0x22 freertos/libfreertos.a(port.c.obj)
                                 0x2e (size before relaxing)
                0x40083f5c                xPortStartScheduler
 *fill*         0x40083f7e        0x2 
 .text.xPortSysTickHandler
                0x40083f80       0x10 freertos/libfreertos.a(port.c.obj)
                                 0x16 (size before relaxing)
                0x40083f80                xPortSysTickHandler
 *fill*         0x40083f90        0x0 
 .text.vPortYieldOtherCore
                0x40083f90        0xa freertos/libfreertos.a(port.c.obj)
                                  0xe (size before relaxing)
                0x40083f90                vPortYieldOtherCore
 *fill*         0x40083f9a        0x2 
 .text.vPortReleaseTaskMPUSettings
                0x40083f9c        0xa freertos/libfreertos.a(port.c.obj)
                                  0xe (size before relaxing)
                0x40083f9c                vPortReleaseTaskMPUSettings
 *fill*         0x40083fa6        0x2 
 .text.xPortInIsrContext
                0x40083fa8       0x26 freertos/libfreertos.a(port.c.obj)
                0x40083fa8                xPortInIsrContext
 *fill*         0x40083fce        0x2 
 .text.vPortCPUInitializeMutex
                0x40083fd0        0xe freertos/libfreertos.a(port.c.obj)
                0x40083fd0                vPortCPUInitializeMutex
 *fill*         0x40083fde        0x2 
 .text.vPortCPUAcquireMutex
                0x40083fe0       0x81 freertos/libfreertos.a(port.c.obj)
                                 0x88 (size before relaxing)
                0x40083fe0                vPortCPUAcquireMutex
 *fill*         0x40084061        0x3 
 .text.vPortCPUReleaseMutex
                0x40084064       0x4d freertos/libfreertos.a(port.c.obj)
                                 0x50 (size before relaxing)
                0x40084064                vPortCPUReleaseMutex
 *fill*         0x400840b1        0x3 
 .text          0x400840b4      0x1d4 freertos/libfreertos.a(portasm.S.obj)
                                0x1e0 (size before relaxing)
                0x400840b4                _frxt_setup_switch
                0x400840cc                _frxt_int_enter
                0x40084110                _frxt_int_exit
                0x40084160                _frxt_timer_int
                0x40084188                _frxt_tick_timer_init
                0x400841a4                _frxt_dispatch
                0x400841f0                vPortYield
                0x4008423c                vPortYieldFromInt
                0x4008425c                _frxt_task_coproc_state
 .text.prvIsQueueFull
                0x40084288       0x2a freertos/libfreertos.a(queue.c.obj)
 *fill*         0x400842b2        0x2 
 .text.prvCopyDataToQueue
                0x400842b4       0x9e freertos/libfreertos.a(queue.c.obj)
 *fill*         0x40084352        0x2 
 .text.prvNotifyQueueSetContainer
                0x40084354       0x77 freertos/libfreertos.a(queue.c.obj)
                                 0x8a (size before relaxing)
 *fill*         0x400843cb        0x1 
 .text.prvCopyDataFromQueue
                0x400843cc       0x24 freertos/libfreertos.a(queue.c.obj)
 .text.xQueueGenericReset
                0x400843f0       0x86 freertos/libfreertos.a(queue.c.obj)
                                 0x96 (size before relaxing)
                0x400843f0                xQueueGenericReset
 *fill*         0x40084476        0x2 
 .text.prvInitialiseNewQueue
                0x40084478       0x1f freertos/libfreertos.a(queue.c.obj)
                                 0x23 (size before relaxing)
 *fill*         0x40084497        0x1 
 .text.xQueueGenericCreate
                0x40084498       0x49 freertos/libfreertos.a(queue.c.obj)
                                 0x4d (size before relaxing)
                0x40084498                xQueueGenericCreate
 *fill*         0x400844e1        0x3 
 .text.xQueueGetMutexHolder
                0x400844e4       0x23 freertos/libfreertos.a(queue.c.obj)
                0x400844e4                xQueueGetMutexHolder
 *fill*         0x40084507        0x1 
 .text.xQueueCreateCountingSemaphore
                0x40084508       0x66 freertos/libfreertos.a(queue.c.obj)
                                 0x6a (size before relaxing)
                0x40084508                xQueueCreateCountingSemaphore
 *fill*         0x4008456e        0x2 
 .text.xQueueGenericSend
                0x40084570      0x158 freertos/libfreertos.a(queue.c.obj)
                                0x18c (size before relaxing)
                0x40084570                xQueueGenericSend
 .text.prvInitialiseMutex
                0x400846c8       0x22 freertos/libfreertos.a(queue.c.obj)
                                 0x26 (size before relaxing)
 *fill*         0x400846ea        0x2 
 .text.xQueueCreateMutex
                0x400846ec       0x16 freertos/libfreertos.a(queue.c.obj)
                                 0x1a (size before relaxing)
                0x400846ec                xQueueCreateMutex
 *fill*         0x40084702        0x2 
 .text.xQueueGiveMutexRecursive
                0x40084704       0x48 freertos/libfreertos.a(queue.c.obj)
                                 0x4c (size before relaxing)
                0x40084704                xQueueGiveMutexRecursive
 .text.xQueueGenericSendFromISR
                0x4008474c       0xd6 freertos/libfreertos.a(queue.c.obj)
                                 0xe6 (size before relaxing)
                0x4008474c                xQueueGenericSendFromISR
 *fill*         0x40084822        0x2 
 .text.xQueueGiveFromISR
                0x40084824       0xb6 freertos/libfreertos.a(queue.c.obj)
                                 0xc2 (size before relaxing)
                0x40084824                xQueueGiveFromISR
 *fill*         0x400848da        0x2 
 .text.xQueueGenericReceive
                0x400848dc      0x144 freertos/libfreertos.a(queue.c.obj)
                                0x178 (size before relaxing)
                0x400848dc                xQueueGenericReceive
 .text.xQueueTakeMutexRecursive
                0x40084a20       0x51 freertos/libfreertos.a(queue.c.obj)
                0x40084a20                xQueueTakeMutexRecursive
 *fill*         0x40084a71        0x3 
 .text.xQueueReceiveFromISR
                0x40084a74       0x96 freertos/libfreertos.a(queue.c.obj)
                                 0xa6 (size before relaxing)
                0x40084a74                xQueueReceiveFromISR
 *fill*         0x40084b0a        0x2 
 .text.vQueueDelete
                0x40084b0c       0x28 freertos/libfreertos.a(queue.c.obj)
                0x40084b0c                vQueueDelete
 .text.vQueueWaitForMessageRestricted
                0x40084b34       0x23 freertos/libfreertos.a(queue.c.obj)
                                 0x2a (size before relaxing)
                0x40084b34                vQueueWaitForMessageRestricted
 *fill*         0x40084b57        0x1 
 .text.prvResetNextTaskUnblockTime
                0x40084b58       0x34 freertos/libfreertos.a(tasks.c.obj)
 .text.prvDeleteTLS
                0x40084b8c       0x40 freertos/libfreertos.a(tasks.c.obj)
 .text.prvInitialiseNewTask
                0x40084bcc       0xc4 freertos/libfreertos.a(tasks.c.obj)
                                 0xd0 (size before relaxing)
 .text.prvInitialiseTaskLists
                0x40084c90       0x5a freertos/libfreertos.a(tasks.c.obj)
                                 0x6e (size before relaxing)
 *fill*         0x40084cea        0x2 
 .text.prvDeleteTCB
                0x40084cec       0x56 freertos/libfreertos.a(tasks.c.obj)
                                 0x5d (size before relaxing)
 *fill*         0x40084d42        0x2 
 .text.prvAddCurrentTaskToDelayedList
                0x40084d44       0x66 freertos/libfreertos.a(tasks.c.obj)
                                 0x6a (size before relaxing)
 *fill*         0x40084daa        0x2 
 .text.taskYIELD_OTHER_CORE
                0x40084dac       0x53 freertos/libfreertos.a(tasks.c.obj)
                0x40084dac                taskYIELD_OTHER_CORE
 *fill*         0x40084dff        0x1 
 .text.vTaskSuspendAll
                0x40084e00       0x26 freertos/libfreertos.a(tasks.c.obj)
                0x40084e00                vTaskSuspendAll
 *fill*         0x40084e26        0x2 
 .text.xTaskGetTickCount
                0x40084e28        0xd freertos/libfreertos.a(tasks.c.obj)
                0x40084e28                xTaskGetTickCount
 *fill*         0x40084e35        0x3 
 .text.xTaskGetIdleTaskHandleForCPU
                0x40084e38       0x2a freertos/libfreertos.a(tasks.c.obj)
                                 0x2e (size before relaxing)
                0x40084e38                xTaskGetIdleTaskHandleForCPU
 *fill*         0x40084e62        0x2 
 .text.vTaskSwitchContext
                0x40084e64      0x27e freertos/libfreertos.a(tasks.c.obj)
                                0x28a (size before relaxing)
                0x40084e64                vTaskSwitchContext
 *fill*         0x400850e2        0x2 
 .text.vTaskSetTimeOutState
                0x400850e4       0x34 freertos/libfreertos.a(tasks.c.obj)
                0x400850e4                vTaskSetTimeOutState
 .text.xTaskGetCurrentTaskHandle
                0x40085118       0x1f freertos/libfreertos.a(tasks.c.obj)
                0x40085118                xTaskGetCurrentTaskHandle
 *fill*         0x40085137        0x1 
 .text.__getreent
                0x40085138       0x19 freertos/libfreertos.a(tasks.c.obj)
                0x40085138                __getreent
 *fill*         0x40085151        0x3 
 .text.pcTaskGetTaskName
                0x40085154       0x2a freertos/libfreertos.a(tasks.c.obj)
                                 0x2d (size before relaxing)
                0x40085154                pcTaskGetTaskName
 *fill*         0x4008517e        0x2 
 .text.xTaskGetAffinity
                0x40085180       0x10 freertos/libfreertos.a(tasks.c.obj)
                                 0x13 (size before relaxing)
                0x40085180                xTaskGetAffinity
 *fill*         0x40085190        0x0 
 .text.xTaskGetCurrentTaskHandleForCPU
                0x40085190       0x17 freertos/libfreertos.a(tasks.c.obj)
                0x40085190                xTaskGetCurrentTaskHandleForCPU
 *fill*         0x400851a7        0x1 
 .text.xTaskGetSchedulerState
                0x400851a8       0x37 freertos/libfreertos.a(tasks.c.obj)
                0x400851a8                xTaskGetSchedulerState
 *fill*         0x400851df        0x1 
 .text.vTaskEnterCritical
                0x400851e0       0xac freertos/libfreertos.a(tasks.c.obj)
                                 0xb3 (size before relaxing)
                0x400851e0                vTaskEnterCritical
 *fill*         0x4008528c        0x0 
 .text.vTaskExitCritical
                0x4008528c       0x77 freertos/libfreertos.a(tasks.c.obj)
                0x4008528c                vTaskExitCritical
 *fill*         0x40085303        0x1 
 .text.prvAddNewTaskToReadyList
                0x40085304      0x160 freertos/libfreertos.a(tasks.c.obj)
                                0x173 (size before relaxing)
 *fill*         0x40085464        0x0 
 .text.xTaskCreatePinnedToCore
                0x40085464       0x6e freertos/libfreertos.a(tasks.c.obj)
                                 0x76 (size before relaxing)
                0x40085464                xTaskCreatePinnedToCore
 *fill*         0x400854d2        0x2 
 .text.vTaskStartScheduler
                0x400854d4       0x67 freertos/libfreertos.a(tasks.c.obj)
                                 0x72 (size before relaxing)
                0x400854d4                vTaskStartScheduler
 *fill*         0x4008553b        0x1 
 .text.vTaskDelete
                0x4008553c      0x10a freertos/libfreertos.a(tasks.c.obj)
                                0x122 (size before relaxing)
                0x4008553c                vTaskDelete
 *fill*         0x40085646        0x2 
 .text.prvCheckTasksWaitingTermination
                0x40085648       0xbe freertos/libfreertos.a(tasks.c.obj)
                                 0xc6 (size before relaxing)
 *fill*         0x40085706        0x2 
 .text.prvIdleTask
                0x40085708        0xf freertos/libfreertos.a(tasks.c.obj)
                                 0x18 (size before relaxing)
 *fill*         0x40085717        0x1 
 .text.xTaskIncrementTick
                0x40085718      0x1a6 freertos/libfreertos.a(tasks.c.obj)
                                0x1ba (size before relaxing)
                0x40085718                xTaskIncrementTick
 *fill*         0x400858be        0x2 
 .text.xTaskResumeAll
                0x400858c0      0x177 freertos/libfreertos.a(tasks.c.obj)
                                0x186 (size before relaxing)
                0x400858c0                xTaskResumeAll
 *fill*         0x40085a37        0x1 
 .text.vTaskPlaceOnEventList
                0x40085a38       0x83 freertos/libfreertos.a(tasks.c.obj)
                                 0x97 (size before relaxing)
                0x40085a38                vTaskPlaceOnEventList
 *fill*         0x40085abb        0x1 
 .text.vTaskPlaceOnEventListRestricted
                0x40085abc       0x5b freertos/libfreertos.a(tasks.c.obj)
                                 0x6f (size before relaxing)
                0x40085abc                vTaskPlaceOnEventListRestricted
 *fill*         0x40085b17        0x1 
 .text.xTaskRemoveFromEventList
                0x40085b18      0x134 freertos/libfreertos.a(tasks.c.obj)
                                0x143 (size before relaxing)
                0x40085b18                xTaskRemoveFromEventList
 *fill*         0x40085c4c        0x0 
 .text.xTaskCheckForTimeOut
                0x40085c4c       0x89 freertos/libfreertos.a(tasks.c.obj)
                                 0x94 (size before relaxing)
                0x40085c4c                xTaskCheckForTimeOut
 *fill*         0x40085cd5        0x3 
 .text.vTaskPriorityInherit
                0x40085cd8       0xc4 freertos/libfreertos.a(tasks.c.obj)
                                 0xdb (size before relaxing)
                0x40085cd8                vTaskPriorityInherit
 *fill*         0x40085d9c        0x0 
 .text.xTaskPriorityDisinherit
                0x40085d9c       0x97 freertos/libfreertos.a(tasks.c.obj)
                                 0xaa (size before relaxing)
                0x40085d9c                xTaskPriorityDisinherit
 *fill*         0x40085e33        0x1 
 .text.pvTaskIncrementMutexHeldCount
                0x40085e34       0x50 freertos/libfreertos.a(tasks.c.obj)
                                 0x54 (size before relaxing)
                0x40085e34                pvTaskIncrementMutexHeldCount
 .text.prvGetNextExpireTime
                0x40085e84       0x20 freertos/libfreertos.a(timers.c.obj)
 .text.prvInsertTimerInActiveList
                0x40085ea4       0x50 freertos/libfreertos.a(timers.c.obj)
                                 0x54 (size before relaxing)
 .text.prvCheckForValidListAndQueue
                0x40085ef4       0x66 freertos/libfreertos.a(timers.c.obj)
                                 0x7e (size before relaxing)
 *fill*         0x40085f5a        0x2 
 .text.xTimerCreateTimerTask
                0x40085f5c       0x48 freertos/libfreertos.a(timers.c.obj)
                                 0x4c (size before relaxing)
                0x40085f5c                xTimerCreateTimerTask
 .text.xTimerGenericCommand
                0x40085fa4       0x55 freertos/libfreertos.a(timers.c.obj)
                                 0x5d (size before relaxing)
                0x40085fa4                xTimerGenericCommand
 *fill*         0x40085ff9        0x3 
 .text.prvSwitchTimerLists
                0x40085ffc       0x76 freertos/libfreertos.a(timers.c.obj)
                                 0x82 (size before relaxing)
 *fill*         0x40086072        0x2 
 .text.prvSampleTimeNow
                0x40086074       0x2b freertos/libfreertos.a(timers.c.obj)
                                 0x2f (size before relaxing)
 *fill*         0x4008609f        0x1 
 .text.prvProcessExpiredTimer
                0x400860a0       0x53 freertos/libfreertos.a(timers.c.obj)
                                 0x5f (size before relaxing)
 *fill*         0x400860f3        0x1 
 .text.prvProcessTimerOrBlockTask
                0x400860f4       0x58 freertos/libfreertos.a(timers.c.obj)
                                 0x6c (size before relaxing)
 .text.prvProcessReceivedCommands
                0x4008614c       0xd6 freertos/libfreertos.a(timers.c.obj)
                                 0xe6 (size before relaxing)
 *fill*         0x40086222        0x2 
 .text.prvTimerTask
                0x40086224       0x15 freertos/libfreertos.a(timers.c.obj)
                                 0x1d (size before relaxing)
 *fill*         0x40086239        0x3 
 .text          0x4008623c      0x132 freertos/libfreertos.a(xtensa_context.S.obj)
                                0x13a (size before relaxing)
                0x4008623c                _xt_context_save
                0x400862a4                _xt_context_restore
                0x400862e8                _xt_coproc_init
                0x400862fc                _xt_coproc_release
                0x40086328                _xt_coproc_savecs
                0x4008634c                _xt_coproc_restorecs
 *fill*         0x4008636e        0x2 
 .text._xt_tick_divisor_init
                0x40086370       0x1c freertos/libfreertos.a(xtensa_init.c.obj)
                                 0x1f (size before relaxing)
                0x40086370                _xt_tick_divisor_init
 *fill*         0x4008638c        0x0 
 .text.xt_unhandled_interrupt
                0x4008638c       0x16 freertos/libfreertos.a(xtensa_intr.c.obj)
                0x4008638c                xt_unhandled_interrupt
 *fill*         0x400863a2        0x2 
 .text.xt_set_interrupt_handler
                0x400863a4       0x46 freertos/libfreertos.a(xtensa_intr.c.obj)
                0x400863a4                xt_set_interrupt_handler
 *fill*         0x400863ea        0x0 
 *fill*         0x400863ea        0x0 
 *fill*         0x400863ea        0x0 
 *fill*         0x400863ea        0x0 
 *fill*         0x400863ea        0x2 
 .text.vPortStoreTaskMPUSettings
                0x400863ec       0x13 freertos/libfreertos.a(port.c.obj)
                0x400863ec                vPortStoreTaskMPUSettings
 *fill*         0x400863ff        0x0 
 *fill*         0x400863ff        0x0 
 *fill*         0x400863ff        0x0 
 *fill*         0x400863ff        0x1 
 .text.prvIsQueueEmpty
                0x40086400       0x12 freertos/libfreertos.a(queue.c.obj)
 *fill*         0x40086412        0x0 
 *fill*         0x40086412        0x0 
 *fill*         0x40086412        0x0 
 *fill*         0x40086412        0x0 
 *fill*         0x40086412        0x0 
 *fill*         0x40086412        0x0 
 *fill*         0x40086412        0x0 
 *fill*         0x40086412        0x0 
 *fill*         0x40086412        0x0 
 *fill*         0x40086412        0x0 
 *fill*         0x40086412        0x0 
 *fill*         0x40086412        0x0 
 *fill*         0x40086412        0x0 
 *fill*         0x40086412        0x0 
 *fill*         0x40086412        0x0 
 *fill*         0x40086412        0x0 
 *fill*         0x40086412        0x0 
 *fill*         0x40086412        0x0 
 *fill*         0x40086412        0x0 
 *fill*         0x40086412        0x0 
 *fill*         0x40086412        0x0 
 *fill*         0x40086412        0x0 
 *fill*         0x40086412        0x0 
 *fill*         0x40086412        0x0 
 *fill*         0x40086412        0x0 
 *fill*         0x40086412        0x0 
 *fill*         0x40086412        0x0 
 *fill*         0x40086412        0x0 
 *fill*         0x40086412        0x0 
 *fill*         0x40086412        0x0 
 *fill*         0x40086412        0x0 
 *fill*         0x40086412        0x0 
 *fill*         0x40086412        0x0 
 *fill*         0x40086412        0x0 
 *fill*         0x40086412        0x0 
 *fill*         0x40086412        0x0 
 *fill*         0x40086412        0x0 
 *fill*         0x40086412        0x0 
 *fill*         0x40086412        0x0 
 *fill*         0x40086412        0x0 
 *fill*         0x40086412        0x0 
 *fill*         0x40086412        0x0 
 *fill*         0x40086412        0x0 
 *fill*         0x40086412        0x0 
 *fill*         0x40086412        0x0 
 *fill*         0x40086412        0x0 
 *fill*         0x40086412        0x0 
 *fill*         0x40086412        0x0 
 *fill*         0x40086412        0x0 
 *fill*         0x40086412        0x0 
 *fill*         0x40086412        0x0 
 *fill*         0x40086412        0x0 
 *fill*         0x40086412        0x0 
 *fill*         0x40086412        0x0 
 *fill*         0x40086412        0x2 
 .text          0x40086414       0x33 freertos/libfreertos.a(xtensa_intr_asm.S.obj)
                0x40086414                xt_ints_on
                0x4008642c                xt_ints_off
 *fill*         0x40086447        0x1 
 .text.vListInitialise
                0x40086448       0x15 freertos/libfreertos.a(list.c.obj)
                0x40086448                vListInitialise
 *fill*         0x4008645d        0x3 
 .text.vListInitialiseItem
                0x40086460        0x9 freertos/libfreertos.a(list.c.obj)
                0x40086460                vListInitialiseItem
 *fill*         0x40086469        0x3 
 .text.vListInsertEnd
                0x4008646c       0x1b freertos/libfreertos.a(list.c.obj)
                0x4008646c                vListInsertEnd
 *fill*         0x40086487        0x1 
 .text.vListInsert
                0x40086488       0x2f freertos/libfreertos.a(list.c.obj)
                0x40086488                vListInsert
 *fill*         0x400864b7        0x1 
 .text.uxListRemove
                0x400864b8       0x26 freertos/libfreertos.a(list.c.obj)
                0x400864b8                uxListRemove
 *libheap.a:multi_heap.*(.literal .text .literal.* .text.*)
 *fill*         0x400864de        0x2 
 .text.get_prev_free_block
                0x400864e0       0x68 heap/libheap.a(multi_heap.c.obj)
                                 0x77 (size before relaxing)
 *fill*         0x40086548        0x0 
 .text.split_if_necessary
                0x40086548      0x138 heap/libheap.a(multi_heap.c.obj)
                                0x148 (size before relaxing)
 .text.assert_valid_block
                0x40086680       0xb0 heap/libheap.a(multi_heap.c.obj)
                                 0xb4 (size before relaxing)
 .text.merge_adjacent
                0x40086730      0x12c heap/libheap.a(multi_heap.c.obj)
                                0x140 (size before relaxing)
 .text.multi_heap_get_allocated_size_impl
                0x4008685c       0x38 heap/libheap.a(multi_heap.c.obj)
                                 0x3c (size before relaxing)
                0x4008685c                multi_heap_get_allocated_size_impl
                0x4008685c                multi_heap_get_allocated_size
 .text.multi_heap_malloc_impl
                0x40086894      0x110 heap/libheap.a(multi_heap.c.obj)
                                0x120 (size before relaxing)
                0x40086894                multi_heap_malloc_impl
                0x40086894                multi_heap_malloc
 .text.multi_heap_free_impl
                0x400869a4      0x130 heap/libheap.a(multi_heap.c.obj)
                                0x14c (size before relaxing)
                0x400869a4                multi_heap_free_impl
                0x400869a4                multi_heap_free
 .text.multi_heap_realloc_impl
                0x40086ad4      0x258 heap/libheap.a(multi_heap.c.obj)
                                0x274 (size before relaxing)
                0x40086ad4                multi_heap_realloc_impl
                0x40086ad4                multi_heap_realloc
 *fill*         0x40086d2c        0x0 
 *fill*         0x40086d2c        0x0 
 .text.multi_heap_register_impl
                0x40086d2c       0x51 heap/libheap.a(multi_heap.c.obj)
                0x40086d2c                multi_heap_register
                0x40086d2c                multi_heap_register_impl
 *fill*         0x40086d7d        0x3 
 .text.multi_heap_set_lock
                0x40086d80        0x7 heap/libheap.a(multi_heap.c.obj)
                0x40086d80                multi_heap_set_lock
 *fill*         0x40086d87        0x0 
 *libheap.a:multi_heap_poisoning.*(.literal .text .literal.* .text.*)
 *libesp32.a:panic.*(.literal .text .literal.* .text.*)
 *fill*         0x40086d87        0x1 
 .text.panicPutChar
                0x40086d88       0x1e esp32/libesp32.a(panic.c.obj)
 *fill*         0x40086da6        0x2 
 .text.panicPutStr
                0x40086da8       0x1a esp32/libesp32.a(panic.c.obj)
 *fill*         0x40086dc2        0x2 
 .text.panicPutHex
                0x40086dc4       0x2c esp32/libesp32.a(panic.c.obj)
                                 0x2f (size before relaxing)
 *fill*         0x40086df0        0x0 
 .text.panicPutDec
                0x40086df0       0x3c esp32/libesp32.a(panic.c.obj)
                                 0x46 (size before relaxing)
 *fill*         0x40086e2c        0x0 
 .text.reconfigureAllWdts
                0x40086e2c       0xa8 esp32/libesp32.a(panic.c.obj)
 .text.putEntry
                0x40086ed4       0x2b esp32/libesp32.a(panic.c.obj)
                                 0x37 (size before relaxing)
 *fill*         0x40086eff        0x1 
 .text.doBacktrace
                0x40086f00       0x71 esp32/libesp32.a(panic.c.obj)
                                 0x78 (size before relaxing)
 *fill*         0x40086f71        0x3 
 .text.invoke_abort
                0x40086f74       0x1d esp32/libesp32.a(panic.c.obj)
 *fill*         0x40086f91        0x3 
 .text.haltOtherCore
                0x40086f94       0x18 esp32/libesp32.a(panic.c.obj)
 .text.esp_panic_wdt_start
                0x40086fac       0x84 esp32/libesp32.a(panic.c.obj)
                                 0x88 (size before relaxing)
 .text.commonErrorHandler_dump
                0x40087030       0xd6 esp32/libesp32.a(panic.c.obj)
                                0x116 (size before relaxing)
 *fill*         0x40087106        0x2 
 .text.esp_panic_dig_reset
                0x40087108       0x33 esp32/libesp32.a(panic.c.obj)
                                 0x37 (size before relaxing)
 *fill*         0x4008713b        0x1 
 .text.abort    0x4008713c       0x2a esp32/libesp32.a(panic.c.obj)
                                 0x2d (size before relaxing)
                0x4008713c                abort
 *fill*         0x40087166        0x2 
 .text.vApplicationStackOverflowHook
                0x40087168       0x17 esp32/libesp32.a(panic.c.obj)
                                 0x23 (size before relaxing)
                0x40087168                vApplicationStackOverflowHook
 *fill*         0x4008717f        0x1 
 .text.esp_panic_wdt_stop
                0x40087180       0x44 esp32/libesp32.a(panic.c.obj)
                0x40087180                esp_panic_wdt_stop
 .text.commonErrorHandler
                0x400871c4       0x44 esp32/libesp32.a(panic.c.obj)
                                 0x56 (size before relaxing)
 *fill*         0x40087208        0x0 
 .text.panicHandler
                0x40087208      0x163 esp32/libesp32.a(panic.c.obj)
                                0x186 (size before relaxing)
                0x40087208                panicHandler
 *fill*         0x4008736b        0x1 
 .text.xt_unhandled_exception
                0x4008736c       0x77 esp32/libesp32.a(panic.c.obj)
                                 0xa1 (size before relaxing)
                0x4008736c                xt_unhandled_exception
 *fill*         0x400873e3        0x1 
 .text._esp_error_check_failed
                0x400873e4       0x57 esp32/libesp32.a(panic.c.obj)
                                 0x5e (size before relaxing)
                0x400873e4                _esp_error_check_failed
 *fill*         0x4008743b        0x0 
 *fill*         0x4008743b        0x0 
 *fill*         0x4008743b        0x0 
 *fill*         0x4008743b        0x1 
 .text.setFirstBreakpoint
                0x4008743c       0x13 esp32/libesp32.a(panic.c.obj)
 *fill*         0x4008744f        0x0 
 *fill*         0x4008744f        0x0 
 *fill*         0x4008744f        0x0 
 *fill*         0x4008744f        0x0 
 *fill*         0x4008744f        0x0 
 *fill*         0x4008744f        0x0 
 *fill*         0x4008744f        0x0 
 *fill*         0x4008744f        0x0 
 *fill*         0x4008744f        0x0 
 *fill*         0x4008744f        0x0 
 *libesp32.a:core_dump.*(.literal .text .literal.* .text.*)
 *libapp_trace.a:(.literal .text .literal.* .text.*)
 *libxtensa-debug-module.a:eri.*(.literal .text .literal.* .text.*)
 *fill*         0x4008744f        0x1 
 .text.eri_write
                0x40087450        0x8 xtensa-debug-module/libxtensa-debug-module.a(eri.c.obj)
                0x40087450                eri_write
 *librtc.a:(.literal .text .literal.* .text.*)
 *libsoc.a:(.literal .text .literal.* .text.*)
 .text.rtc_clk_32k_enable_internal
                0x40087458       0x81 soc/libsoc.a(rtc_clk.c.obj)
 *fill*         0x400874d9        0x3 
 .text.rtc_clk_32k_enable
                0x400874dc       0x2d soc/libsoc.a(rtc_clk.c.obj)
                0x400874dc                rtc_clk_32k_enable
 *fill*         0x40087509        0x3 
 .text.rtc_clk_32k_bootstrap
                0x4008750c       0x9e soc/libsoc.a(rtc_clk.c.obj)
                                 0xa2 (size before relaxing)
                0x4008750c                rtc_clk_32k_bootstrap
 *fill*         0x400875aa        0x2 
 .text.rtc_clk_slow_freq_set
                0x400875ac       0x48 soc/libsoc.a(rtc_clk.c.obj)
                0x400875ac                rtc_clk_slow_freq_set
 .text.rtc_clk_slow_freq_get
                0x400875f4       0x10 soc/libsoc.a(rtc_clk.c.obj)
                0x400875f4                rtc_clk_slow_freq_get
 .text.rtc_clk_slow_freq_get_hz
                0x40087604       0x29 soc/libsoc.a(rtc_clk.c.obj)
                0x40087604                rtc_clk_slow_freq_get_hz
 *fill*         0x4008762d        0x3 
 .text.rtc_clk_fast_freq_set
                0x40087630       0x2a soc/libsoc.a(rtc_clk.c.obj)
                0x40087630                rtc_clk_fast_freq_set
 *fill*         0x4008765a        0x2 
 .text.rtc_clk_bbpll_set
                0x4008765c      0x170 soc/libsoc.a(rtc_clk.c.obj)
                                0x178 (size before relaxing)
                0x4008765c                rtc_clk_bbpll_set
 .text.rtc_clk_xtal_freq_get
                0x400877cc       0x38 soc/libsoc.a(rtc_clk.c.obj)
                                 0x40 (size before relaxing)
                0x400877cc                rtc_clk_xtal_freq_get
                0x400877cc                rtc_get_xtal
 .text.rtc_clk_cpu_freq_get
                0x40087804       0x84 soc/libsoc.a(rtc_clk.c.obj)
                                 0x94 (size before relaxing)
                0x40087804                rtc_clk_cpu_freq_get
 .text.rtc_clk_cpu_freq_value
                0x40087888       0x44 soc/libsoc.a(rtc_clk.c.obj)
                                 0x48 (size before relaxing)
                0x40087888                rtc_clk_cpu_freq_value
 .text.rtc_clk_apb_freq_update
                0x400878cc       0x13 soc/libsoc.a(rtc_clk.c.obj)
                                 0x16 (size before relaxing)
                0x400878cc                rtc_clk_apb_freq_update
 *fill*         0x400878df        0x1 
 .text.rtc_clk_cpu_freq_set
                0x400878e0      0x1a8 soc/libsoc.a(rtc_clk.c.obj)
                                0x1d8 (size before relaxing)
                0x400878e0                rtc_clk_cpu_freq_set
 .text.rtc_clk_apb_freq_get
                0x40087a88       0x2a soc/libsoc.a(rtc_clk.c.obj)
                0x40087a88                rtc_clk_apb_freq_get
 *fill*         0x40087ab2        0x2 
 .text.rtc_init
                0x40087ab4      0x344 soc/libsoc.a(rtc_init.c.obj)
                                0x368 (size before relaxing)
                0x40087ab4                rtc_init
 .text.rtc_clk_cal_internal
                0x40087df8      0x184 soc/libsoc.a(rtc_time.c.obj)
 .text.rtc_clk_cal
                0x40087f7c       0x4e soc/libsoc.a(rtc_time.c.obj)
                                 0x52 (size before relaxing)
                0x40087f7c                rtc_clk_cal
 *fill*         0x40087fca        0x2 
 .text.rtc_time_get
                0x40087fcc       0x50 soc/libsoc.a(rtc_time.c.obj)
                0x40087fcc                rtc_time_get
 .text.rtc_clk_wait_for_slow_cycle
                0x4008801c       0x79 soc/libsoc.a(rtc_time.c.obj)
                0x4008801c                rtc_clk_wait_for_slow_cycle
 *fill*         0x40088095        0x3 
 .text.clk_val_is_valid
                0x40088098       0x20 soc/libsoc.a(rtc_clk.c.obj)
 .text.reg_val_to_clk_val
                0x400880b8        0x8 soc/libsoc.a(rtc_clk.c.obj)
 .text.clk_val_to_reg_val
                0x400880c0        0xe soc/libsoc.a(rtc_clk.c.obj)
 *fill*         0x400880ce        0x0 
 *fill*         0x400880ce        0x0 
 *fill*         0x400880ce        0x0 
 *fill*         0x400880ce        0x0 
 *fill*         0x400880ce        0x0 
 *fill*         0x400880ce        0x0 
 *fill*         0x400880ce        0x0 
 *fill*         0x400880ce        0x0 
 *libhal.a:(.literal .text .literal.* .text.*)
 *fill*         0x400880ce        0x2 
 .text          0x400880d0      0x137 C:/Users/ricardo/esp/esp-idf/components/esp32/libhal.a(windowspill_asm.o)
                0x400880d0                xthal_spill_registers_into_stack_nw
                0x400880d0                xthal_window_spill_nw
                0x400881e4                xthal_window_spill
 *fill*         0x40088207        0x1 
 .text          0x40088208       0x48 C:/Users/ricardo/esp/esp-idf/components/esp32/libhal.a(clock.o)
                0x40088208                xthal_get_ccount
                0x40088210                xthal_set_ccompare
                0x40088230                xthal_get_ccompare
 *fill*         0x40088250        0x0 
 .text          0x40088250        0x8 C:/Users/ricardo/esp/esp-idf/components/esp32/libhal.a(int_asm--set_intclear.o)
                0x40088250                xthal_set_intclear
 .text          0x40088258       0x3e C:/Users/ricardo/esp/esp-idf/components/esp32/libhal.a(state_asm--restore_extra_nw.o)
                0x40088258                xthal_restore_extra_nw
 *fill*         0x40088296        0x2 
 .text          0x40088298       0x3e C:/Users/ricardo/esp/esp-idf/components/esp32/libhal.a(state_asm--save_extra_nw.o)
                0x40088298                xthal_save_extra_nw
 *libgcc.a:lib2funcs.*(.literal .text .literal.* .text.*)
 *libspi_flash.a:spi_flash_rom_patch.*(.literal .text .literal.* .text.*)
 *fill*         0x400882d6        0x2 
 .text.esp_rom_spiflash_read_status
                0x400882d8       0x61 spi_flash/libspi_flash.a(spi_flash_rom_patch.c.obj)
                0x400882d8                esp_rom_spiflash_read_status
 *fill*         0x40088339        0x3 
 .text.esp_rom_spiflash_wait_idle
                0x4008833c       0x32 spi_flash/libspi_flash.a(spi_flash_rom_patch.c.obj)
                0x4008833c                esp_rom_spiflash_wait_idle
 *fill*         0x4008836e        0x2 
 .text.esp_rom_spiflash_erase_block_internal
                0x40088370       0x38 spi_flash/libspi_flash.a(spi_flash_rom_patch.c.obj)
                                 0x3c (size before relaxing)
 .text.esp_rom_spiflash_erase_sector_internal
                0x400883a8       0x44 spi_flash/libspi_flash.a(spi_flash_rom_patch.c.obj)
 .text.esp_rom_spiflash_read_data
                0x400883ec      0x121 spi_flash/libspi_flash.a(spi_flash_rom_patch.c.obj)
 *fill*         0x4008850d        0x3 
 .text.esp_rom_spiflash_enable_write
                0x40088510       0x39 spi_flash/libspi_flash.a(spi_flash_rom_patch.c.obj)
                                 0x3d (size before relaxing)
 *fill*         0x40088549        0x3 
 .text.esp_rom_spiflash_program_page_internal
                0x4008854c      0x122 spi_flash/libspi_flash.a(spi_flash_rom_patch.c.obj)
                                0x126 (size before relaxing)
 *fill*         0x4008866e        0x2 
 .text.esp_rom_spiflash_read_statushigh
                0x40088670       0x21 spi_flash/libspi_flash.a(spi_flash_rom_patch.c.obj)
                0x40088670                esp_rom_spiflash_read_statushigh
 *fill*         0x40088691        0x3 
 .text.esp_rom_spiflash_write_status
                0x40088694       0x34 spi_flash/libspi_flash.a(spi_flash_rom_patch.c.obj)
                                 0x38 (size before relaxing)
                0x40088694                esp_rom_spiflash_write_status
 .text.esp_rom_spiflash_unlock
                0x400886c8       0x6a spi_flash/libspi_flash.a(spi_flash_rom_patch.c.obj)
                                 0x7e (size before relaxing)
                0x400886c8                esp_rom_spiflash_unlock
 *fill*         0x40088732        0x2 
 .text.esp_rom_spiflash_erase_block
                0x40088734       0x62 spi_flash/libspi_flash.a(spi_flash_rom_patch.c.obj)
                                 0x66 (size before relaxing)
                0x40088734                esp_rom_spiflash_erase_block
 *fill*         0x40088796        0x2 
 .text.esp_rom_spiflash_erase_sector
                0x40088798       0x61 spi_flash/libspi_flash.a(spi_flash_rom_patch.c.obj)
                                 0x65 (size before relaxing)
                0x40088798                esp_rom_spiflash_erase_sector
 *fill*         0x400887f9        0x3 
 .text.esp_rom_spiflash_write
                0x400887fc       0xc6 spi_flash/libspi_flash.a(spi_flash_rom_patch.c.obj)
                                 0xca (size before relaxing)
                0x400887fc                esp_rom_spiflash_write
 *fill*         0x400888c2        0x2 
 .text.esp_rom_spiflash_write_encrypted
                0x400888c4       0x5a spi_flash/libspi_flash.a(spi_flash_rom_patch.c.obj)
                0x400888c4                esp_rom_spiflash_write_encrypted
 *fill*         0x4008891e        0x2 
 .text.esp_rom_spiflash_read
                0x40088920      0x284 spi_flash/libspi_flash.a(spi_flash_rom_patch.c.obj)
                0x40088920                esp_rom_spiflash_read
 *fill*         0x40088ba4        0x0 
 *fill*         0x40088ba4        0x0 
 *fill*         0x40088ba4        0x0 
 *fill*         0x40088ba4        0x0 
 *fill*         0x40088ba4        0x0 
 *fill*         0x40088ba4        0x0 
 *fill*         0x40088ba4        0x0 
 *fill*         0x40088ba4        0x0 
 *fill*         0x40088ba4        0x0 
 *fill*         0x40088ba4        0x0 
 *fill*         0x40088ba4        0x0 
 *fill*         0x40088ba4        0x0 
 *libgcov.a:(.literal .text .literal.* .text.*)
 *lib_a-utoa.o(.literal .text .literal.* .text.*)
 *lib_a-longjmp.o(.literal .text .literal.* .text.*)
 *lib_a-setjmp.o(.literal .text .literal.* .text.*)
 *lib_a-abs.o(.literal .text .literal.* .text.*)
 *lib_a-div.o(.literal .text .literal.* .text.*)
 *lib_a-labs.o(.literal .text .literal.* .text.*)
 *lib_a-ldiv.o(.literal .text .literal.* .text.*)
 *lib_a-quorem.o(.literal .text .literal.* .text.*)
 *lib_a-qsort.o(.literal .text .literal.* .text.*)
 *lib_a-utoa.o(.literal .text .literal.* .text.*)
 *lib_a-itoa.o(.literal .text .literal.* .text.*)
 *lib_a-atoi.o(.literal .text .literal.* .text.*)
 *lib_a-atol.o(.literal .text .literal.* .text.*)
 *lib_a-strtol.o(.literal .text .literal.* .text.*)
 *lib_a-strtoul.o(.literal .text .literal.* .text.*)
 *lib_a-wcrtomb.o(.literal .text .literal.* .text.*)
 *lib_a-fvwrite.o(.literal .text .literal.* .text.*)
 *lib_a-wbuf.o(.literal .text .literal.* .text.*)
 *lib_a-wsetup.o(.literal .text .literal.* .text.*)
 *lib_a-fputwc.o(.literal .text .literal.* .text.*)
 *lib_a-wctomb_r.o(.literal .text .literal.* .text.*)
 *lib_a-ungetc.o(.literal .text .literal.* .text.*)
 *lib_a-makebuf.o(.literal .text .literal.* .text.*)
 *lib_a-fflush.o(.literal .text .literal.* .text.*)
 *lib_a-refill.o(.literal .text .literal.* .text.*)
 *lib_a-s_fpclassify.o(.literal .text .literal.* .text.*)
 .text          0x40088ba4       0x4c C:/Users/ricardo/esp/esp-idf/components/newlib/lib\libm.a(lib_a-s_fpclassify.o)
                0x40088ba4                __fpclassifyd
 *lib_a-locale.o(.literal .text .literal.* .text.*)
 *lib_a-asctime.o(.literal .text .literal.* .text.*)
 *lib_a-ctime.o(.literal .text .literal.* .text.*)
 *lib_a-ctime_r.o(.literal .text .literal.* .text.*)
 *lib_a-lcltime.o(.literal .text .literal.* .text.*)
 *lib_a-lcltime_r.o(.literal .text .literal.* .text.*)
 *lib_a-gmtime.o(.literal .text .literal.* .text.*)
 *lib_a-gmtime_r.o(.literal .text .literal.* .text.*)
 *lib_a-strftime.o(.literal .text .literal.* .text.*)
 *lib_a-mktime.o(.literal .text .literal.* .text.*)
 *lib_a-syswrite.o(.literal .text .literal.* .text.*)
 *lib_a-tzset_r.o(.literal .text .literal.* .text.*)
 *lib_a-tzset.o(.literal .text .literal.* .text.*)
 *lib_a-toupper.o(.literal .text .literal.* .text.*)
 *lib_a-tolower.o(.literal .text .literal.* .text.*)
 *lib_a-toascii.o(.literal .text .literal.* .text.*)
 *lib_a-systimes.o(.literal .text .literal.* .text.*)
 *lib_a-time.o(.literal .text .literal.* .text.*)
 *lib_a-bsd_qsort_r.o(.literal .text .literal.* .text.*)
 *lib_a-qsort_r.o(.literal .text .literal.* .text.*)
 *lib_a-gettzinfo.o(.literal .text .literal.* .text.*)
 *lib_a-strupr.o(.literal .text .literal.* .text.*)
 *lib_a-asctime_r.o(.literal .text .literal.* .text.*)
 *lib_a-bzero.o(.literal .text .literal.* .text.*)
 *lib_a-close.o(.literal .text .literal.* .text.*)
 *lib_a-creat.o(.literal .text .literal.* .text.*)
 *lib_a-environ.o(.literal .text .literal.* .text.*)
 *lib_a-fclose.o(.literal .text .literal.* .text.*)
 *lib_a-isalnum.o(.literal .text .literal.* .text.*)
 *lib_a-isalpha.o(.literal .text .literal.* .text.*)
 *lib_a-isascii.o(.literal .text .literal.* .text.*)
 *lib_a-isblank.o(.literal .text .literal.* .text.*)
 *lib_a-iscntrl.o(.literal .text .literal.* .text.*)
 *lib_a-isdigit.o(.literal .text .literal.* .text.*)
 *lib_a-isgraph.o(.literal .text .literal.* .text.*)
 *lib_a-islower.o(.literal .text .literal.* .text.*)
 *lib_a-isprint.o(.literal .text .literal.* .text.*)
 *lib_a-ispunct.o(.literal .text .literal.* .text.*)
 *lib_a-isspace.o(.literal .text .literal.* .text.*)
 *lib_a-isupper.o(.literal .text .literal.* .text.*)
 *lib_a-memccpy.o(.literal .text .literal.* .text.*)
 *lib_a-memchr.o(.literal .text .literal.* .text.*)
 *lib_a-memcmp.o(.literal .text .literal.* .text.*)
 *lib_a-memcpy.o(.literal .text .literal.* .text.*)
 *lib_a-memmove.o(.literal .text .literal.* .text.*)
 *lib_a-memrchr.o(.literal .text .literal.* .text.*)
 *lib_a-memset.o(.literal .text .literal.* .text.*)
 *lib_a-open.o(.literal .text .literal.* .text.*)
 *lib_a-rand.o(.literal .text .literal.* .text.*)
 *lib_a-rand_r.o(.literal .text .literal.* .text.*)
 *lib_a-read.o(.literal .text .literal.* .text.*)
 *lib_a-rshift.o(.literal .text .literal.* .text.*)
 *lib_a-sbrk.o(.literal .text .literal.* .text.*)
 *lib_a-srand.o(.literal .text .literal.* .text.*)
 *lib_a-strcasecmp.o(.literal .text .literal.* .text.*)
 *lib_a-strcasestr.o(.literal .text .literal.* .text.*)
 *lib_a-strcat.o(.literal .text .literal.* .text.*)